Unable to get hostname for 192.168.170.1: [Errno 11004] host not found
Unable to get hostname for 192.168.170.2: [Errno 11004] host not found
Unable to get hostname for 192.168.170.3: [Errno 11004] host not found
Unable to get hostname for 192.168.170.4: [Errno 11004] host not found
The hostname for 192.168.170.5 is: s1.sincegame.com
Unable to get hostname for 192.168.170.6: [Errno 11004] host not found
The hostname for 192.168.170.7 is: host.wpxgame.com
Unable to get hostname for 192.168.170.8: [Errno 11004] host not found
Unable to get hostname for 192.168.170.9: [Errno 11004] host not found
Unable to get hostname for 192.168.170.10: [Errno 11004] host not found
The hostname for 192.168.170.11 is: mac.wpxgame.com
The hostname for 192.168.170.12 is: nova.sincegame.com
The hostname for 192.168.170.13 is: dev_host.sincegame.com
Unable to get hostname for 192.168.170.14: [Errno 11004] host not found
The hostname for 192.168.170.15 is: svn.wpxgame.com
The hostname for 192.168.170.16 is: www.wpxgame.com
Unable to get hostname for 192.168.170.17: [Errno 11004] host not found
Unable to get hostname for 192.168.170.18: [Errno 11004] host not found
Unable to get hostname for 192.168.170.19: [Errno 11004] host not found
Unable to get hostname for 192.168.170.20: [Errno 11004] host not found
Unable to get hostname for 192.168.170.21: [Errno 11004] host not found
The hostname for 192.168.170.22 is: DESKTOP-NDHCN3T
Unable to get hostname for 192.168.170.23: [Errno 11004] host not found
Unable to get hostname for 192.168.170.24: [Errno 11004] host not found
Unable to get hostname for 192.168.170.25: [Errno 11004] host not found
Unable to get hostname for 192.168.170.26: [Errno 11004] host not found
Unable to get hostname for 192.168.170.27: [Errno 11004] host not found
The hostname for 192.168.170.28 is: LIMENGBIN-W
Unable to get hostname for 192.168.170.29: [Errno 11004] host not found
Unable to get hostname for 192.168.170.30: [Errno 11004] host not found
Unable to get hostname for 192.168.170.31: [Errno 11004] host not found
The hostname for 192.168.170.32 is: DESKTOP-P0CL7RP
The hostname for 192.168.170.33 is: iQOO-Z5
The hostname for 192.168.170.34 is: M2012K10C
The hostname for 192.168.170.35 is: Honor_Magic_2-cb30f70a160
The hostname for 192.168.170.36 is: Redmi-Note-8-Pro
The hostname for 192.168.170.37 is: realme-Q3-5G
The hostname for 192.168.170.38 is: Xiaomi-12
The hostname for 192.168.170.39 is: nova_7_SE_5G-ba2339c413
The hostname for 192.168.170.40 is: RedmiK30-2343264837d
The hostname for 192.168.170.41 is: Redmi-K50
The hostname for 192.168.170.42 is: MI9TransparentEditio
The hostname for 192.168.170.43 is: BRWC894023C03EC
The hostname for 192.168.170.44 is: hebinbin
The hostname for 192.168.170.45 is: Mi-10S
Unable to get hostname for 192.168.170.46: [Errno 11004] host not found
The hostname for 192.168.170.47 is: Galaxy-S20-5G
The hostname for 192.168.170.48 is: iPhone-4-2
The hostname for 192.168.170.49 is: DESKTOP-ADK0ABC
The hostname for 192.168.170.50 is: lifeng
The hostname for 192.168.170.51 is: MI-9-SE
Unable to get hostname for 192.168.170.52: [Errno 11004] host not found
The hostname for 192.168.170.53 is: zhen-woGT-Neo
Unable to get hostname for 192.168.170.54: [Errno 11004] host not found
Unable to get hostname for 192.168.170.55: [Errno 11004] host not found
The hostname for 192.168.170.56 is: DESKTOP-I3DS71K
Unable to get hostname for 192.168.170.57: [Errno 11004] host not found
Unable to get hostname for 192.168.170.58: [Errno 11004] host not found
The hostname for 192.168.170.59 is: vivo-iQOO
Unable to get hostname for 192.168.170.60: [Errno 11004] host not found
The hostname for 192.168.170.61 is: DESKTOP-7D79NG3
The hostname for 192.168.170.62 is: PORSCHE_DESIGN_HUAWEI_Mat
The hostname for 192.168.170.63 is: DESKTOP-G1ITEN2
The hostname for 192.168.170.64 is: DESKTOP-ECC59IJ
The hostname for 192.168.170.65 is: DESKTOP-73H7TO4
Unable to get hostname for 192.168.170.66: [Errno 11004] host not found
The hostname for 192.168.170.67 is: iQOO-8-Pro
Unable to get hostname for 192.168.170.68: [Errno 11004] host not found
The hostname for 192.168.170.69 is: S1226FX_02FA
The hostname for 192.168.170.70 is: huangmei
The hostname for 192.168.170.71 is: MI-9
The hostname for 192.168.170.72 is: Redmi-K50-Ultra
Unable to get hostname for 192.168.170.73: [Errno 11004] host not found
The hostname for 192.168.170.74 is: M2104K10AC
Unable to get hostname for 192.168.170.75: [Errno 11004] host not found
Unable to get hostname for 192.168.170.76: [Errno 11004] host not found
The hostname for 192.168.170.77 is: DESKTOP-79GK0B7
The hostname for 192.168.170.78 is: HONOR_V30-61f27278ab0bad1
The hostname for 192.168.170.79 is: HONOR_X10_Max-bc51e7a99b
The hostname for 192.168.170.80 is: DESKTOP-7SB24V2
Unable to get hostname for 192.168.170.81: [Errno 11004] host not found
The hostname for 192.168.170.82 is: USER-20170713MX
The hostname for 192.168.170.83 is: DESKTOP-VFR8TAD
The hostname for 192.168.170.84 is: DESKTOP-14DNRFD
The hostname for 192.168.170.85 is: DESKTOP-D36OP9J
Unable to get hostname for 192.168.170.86: [Errno 11004] host not found
The hostname for 192.168.170.87 is: EPSON4A1C66
The hostname for 192.168.170.88 is: DESKTOP-0FQQAJ0
The hostname for 192.168.170.89 is: SK-QIDWMMHFAIKM
The hostname for 192.168.170.90 is: DESKTOP-RKJTEFT
The hostname for 192.168.170.91 is: TAS-AL00
Unable to get hostname for 192.168.170.92: [Errno 11004] host not found
The hostname for 192.168.170.93 is: DESKTOP-8EHK4QH
The hostname for 192.168.170.94 is: WIN-MSRUN1NK7B7
The hostname for 192.168.170.95 is: DESKTOP-0CNH72V
The hostname for 192.168.170.96 is: ZTE-A2322
The hostname for 192.168.170.97 is: DESKTOP-6DPCQVN
The hostname for 192.168.170.98 is: KW-WORK
Unable to get hostname for 192.168.170.99: [Errno 11004] host not found
The hostname for 192.168.170.100 is: LIO-AN00
Unable to get hostname for 192.168.170.101: [Errno 11004] host not found
Unable to get hostname for 192.168.170.102: [Errno 11004] host not found
Unable to get hostname for 192.168.170.103: [Errno 11004] host not found
The hostname for 192.168.170.104 is: DESKTOP-T9IEBFQ
Unable to get hostname for 192.168.170.105: [Errno 11004] host not found
Unable to get hostname for 192.168.170.106: [Errno 11004] host not found
The hostname for 192.168.170.107 is: DESKTOP-83DPIGO
The hostname for 192.168.170.108 is: DESKTOP-RBTMLAU
Unable to get hostname for 192.168.170.109: [Errno 11004] host not found
Unable to get hostname for 192.168.170.110: [Errno 11004] host not found
Unable to get hostname for 192.168.170.111: [Errno 11004] host not found
Unable to get hostname for 192.168.170.112: [Errno 11004] host not found
Unable to get hostname for 192.168.170.113: [Errno 11004] host not found
Unable to get hostname for 192.168.170.114: [Errno 11004] host not found
Unable to get hostname for 192.168.170.115: [Errno 11004] host not found
Unable to get hostname for 192.168.170.116: [Errno 11004] host not found
Unable to get hostname for 192.168.170.117: [Errno 11004] host not found
Unable to get hostname for 192.168.170.118: [Errno 11004] host not found
Unable to get hostname for 192.168.170.119: [Errno 11004] host not found
Unable to get hostname for 192.168.170.120: [Errno 11004] host not found
Unable to get hostname for 192.168.170.121: [Errno 11004] host not found
Unable to get hostname for 192.168.170.122: [Errno 11004] host not found
Unable to get hostname for 192.168.170.123: [Errno 11004] host not found
Unable to get hostname for 192.168.170.124: [Errno 11004] host not found
The hostname for 192.168.170.125 is: DESKTOP-M1PBPT1
Unable to get hostname for 192.168.170.126: [Errno 11004] host not found
Unable to get hostname for 192.168.170.127: [Errno 11004] host not found
Unable to get hostname for 192.168.170.128: [Errno 11004] host not found
Unable to get hostname for 192.168.170.129: [Errno 11004] host not found
Unable to get hostname for 192.168.170.130: [Errno 11004] host not found
Unable to get hostname for 192.168.170.131: [Errno 11004] host not found
Unable to get hostname for 192.168.170.132: [Errno 11004] host not found
Unable to get hostname for 192.168.170.133: [Errno 11004] host not found
Unable to get hostname for 192.168.170.134: [Errno 11004] host not found
Unable to get hostname for 192.168.170.135: [Errno 11004] host not found
Unable to get hostname for 192.168.170.136: [Errno 11004] host not found
Unable to get hostname for 192.168.170.137: [Errno 11004] host not found
Unable to get hostname for 192.168.170.138: [Errno 11004] host not found
The hostname for 192.168.170.139 is: DESKTOP-CRNDJV9
Unable to get hostname for 192.168.170.140: [Errno 11004] host not found
Unable to get hostname for 192.168.170.141: [Errno 11004] host not found
Unable to get hostname for 192.168.170.142: [Errno 11004] host not found
Unable to get hostname for 192.168.170.143: [Errno 11004] host not found
Unable to get hostname for 192.168.170.144: [Errno 11004] host not found
Unable to get hostname for 192.168.170.145: [Errno 11004] host not found
Unable to get hostname for 192.168.170.146: [Errno 11004] host not found
Unable to get hostname for 192.168.170.147: [Errno 11004] host not found
Unable to get hostname for 192.168.170.148: [Errno 11004] host not found
Unable to get hostname for 192.168.170.149: [Errno 11004] host not found
Unable to get hostname for 192.168.170.150: [Errno 11004] host not found
Unable to get hostname for 192.168.170.151: [Errno 11004] host not found
Unable to get hostname for 192.168.170.152: [Errno 11004] host not found
Unable to get hostname for 192.168.170.153: [Errno 11004] host not found
Unable to get hostname for 192.168.170.154: [Errno 11004] host not found
Unable to get hostname for 192.168.170.155: [Errno 11004] host not found
Unable to get hostname for 192.168.170.156: [Errno 11004] host not found
Unable to get hostname for 192.168.170.157: [Errno 11004] host not found
Unable to get hostname for 192.168.170.158: [Errno 11004] host not found
Unable to get hostname for 192.168.170.159: [Errno 11004] host not found
Unable to get hostname for 192.168.170.160: [Errno 11004] host not found
Unable to get hostname for 192.168.170.161: [Errno 11004] host not found
Unable to get hostname for 192.168.170.162: [Errno 11004] host not found
Unable to get hostname for 192.168.170.163: [Errno 11004] host not found
Unable to get hostname for 192.168.170.164: [Errno 11004] host not found
Unable to get hostname for 192.168.170.165: [Errno 11004] host not found
Unable to get hostname for 192.168.170.166: [Errno 11004] host not found
Unable to get hostname for 192.168.170.167: [Errno 11004] host not found
Unable to get hostname for 192.168.170.168: [Errno 11004] host not found
Unable to get hostname for 192.168.170.169: [Errno 11004] host not found
The hostname for 192.168.170.170 is: DESKTOP-TBAAL9A
The hostname for 192.168.170.171 is: S1226FX_0758
Unable to get hostname for 192.168.170.172: [Errno 11004] host not found
Unable to get hostname for 192.168.170.173: [Errno 11004] host not found
Unable to get hostname for 192.168.170.174: [Errno 11004] host not found
Unable to get hostname for 192.168.170.175: [Errno 11004] host not found
Unable to get hostname for 192.168.170.176: [Errno 11004] host not found
Unable to get hostname for 192.168.170.177: [Errno 11004] host not found
Unable to get hostname for 192.168.170.178: [Errno 11004] host not found
Unable to get hostname for 192.168.170.179: [Errno 11004] host not found
Unable to get hostname for 192.168.170.180: [Errno 11004] host not found
Unable to get hostname for 192.168.170.181: [Errno 11004] host not found
Unable to get hostname for 192.168.170.182: [Errno 11004] host not found
Unable to get hostname for 192.168.170.183: [Errno 11004] host not found
Unable to get hostname for 192.168.170.184: [Errno 11004] host not found
Unable to get hostname for 192.168.170.185: [Errno 11004] host not found
Unable to get hostname for 192.168.170.186: [Errno 11004] host not found
Unable to get hostname for 192.168.170.187: [Errno 11004] host not found
Unable to get hostname for 192.168.170.188: [Errno 11004] host not found
Unable to get hostname for 192.168.170.189: [Errno 11004] host not found
Unable to get hostname for 192.168.170.190: [Errno 11004] host not found
Unable to get hostname for 192.168.170.191: [Errno 11004] host not found
Unable to get hostname for 192.168.170.192: [Errno 11004] host not found
The hostname for 192.168.170.193 is: DESKTOP-00GDKI9
Unable to get hostname for 192.168.170.194: [Errno 11004] host not found
Unable to get hostname for 192.168.170.195: [Errno 11004] host not found
Unable to get hostname for 192.168.170.196: [Errno 11004] host not found
Unable to get hostname for 192.168.170.197: [Errno 11004] host not found
Unable to get hostname for 192.168.170.198: [Errno 11004] host not found
Unable to get hostname for 192.168.170.199: [Errno 11004] host not found
Unable to get hostname for 192.168.170.200: [Errno 11004] host not found
Unable to get hostname for 192.168.170.201: [Errno 11004] host not found
Unable to get hostname for 192.168.170.202: [Errno 11004] host not found
Unable to get hostname for 192.168.170.203: [Errno 11004] host not found
Unable to get hostname for 192.168.170.204: [Errno 11004] host not found
Unable to get hostname for 192.168.170.205: [Errno 11004] host not found
Unable to get hostname for 192.168.170.206: [Errno 11004] host not found
Unable to get hostname for 192.168.170.207: [Errno 11004] host not found
Unable to get hostname for 192.168.170.208: [Errno 11004] host not found
Unable to get hostname for 192.168.170.209: [Errno 11004] host not found
Unable to get hostname for 192.168.170.210: [Errno 11004] host not found
Unable to get hostname for 192.168.170.211: [Errno 11004] host not found
Unable to get hostname for 192.168.170.212: [Errno 11004] host not found
Unable to get hostname for 192.168.170.213: [Errno 11004] host not found
Unable to get hostname for 192.168.170.214: [Errno 11004] host not found
Unable to get hostname for 192.168.170.215: [Errno 11004] host not found
The hostname for 192.168.170.216 is: ���׺�
Unable to get hostname for 192.168.170.217: [Errno 11004] host not found
Unable to get hostname for 192.168.170.218: [Errno 11004] host not found
Unable to get hostname for 192.168.170.219: [Errno 11004] host not found
Unable to get hostname for 192.168.170.220: [Errno 11004] host not found
Unable to get hostname for 192.168.170.221: [Errno 11004] host not found
Unable to get hostname for 192.168.170.222: [Errno 11004] host not found
Unable to get hostname for 192.168.170.223: [Errno 11004] host not found
Unable to get hostname for 192.168.170.224: [Errno 11004] host not found
Unable to get hostname for 192.168.170.225: [Errno 11004] host not found
The hostname for 192.168.170.226 is: DESKTOP-RMV6EGG
The hostname for 192.168.170.227 is: DESKTOP-F4I961I
Unable to get hostname for 192.168.170.228: [Errno 11004] host not found
Unable to get hostname for 192.168.170.229: [Errno 11004] host not found
Unable to get hostname for 192.168.170.230: [Errno 11004] host not found
Unable to get hostname for 192.168.170.231: [Errno 11004] host not found
Unable to get hostname for 192.168.170.232: [Errno 11004] host not found
Unable to get hostname for 192.168.170.233: [Errno 11004] host not found
Unable to get hostname for 192.168.170.234: [Errno 11004] host not found
Unable to get hostname for 192.168.170.235: [Errno 11004] host not found
Unable to get hostname for 192.168.170.236: [Errno 11004] host not found
Unable to get hostname for 192.168.170.237: [Errno 11004] host not found
Unable to get hostname for 192.168.170.238: [Errno 11004] host not found
Unable to get hostname for 192.168.170.239: [Errno 11004] host not found
Unable to get hostname for 192.168.170.240: [Errno 11004] host not found
Unable to get hostname for 192.168.170.241: [Errno 11004] host not found
Unable to get hostname for 192.168.170.242: [Errno 11004] host not found
Unable to get hostname for 192.168.170.243: [Errno 11004] host not found
Unable to get hostname for 192.168.170.244: [Errno 11004] host not found
Unable to get hostname for 192.168.170.245: [Errno 11004] host not found
Unable to get hostname for 192.168.170.246: [Errno 11004] host not found
Unable to get hostname for 192.168.170.247: [Errno 11004] host not found
The hostname for 192.168.170.248 is: DESKTOP-988HKK7
Unable to get hostname for 192.168.170.249: [Errno 11004] host not found
Unable to get hostname for 192.168.170.250: [Errno 11004] host not found
Unable to get hostname for 192.168.170.251: [Errno 11004] host not found
Unable to get hostname for 192.168.170.252: [Errno 11004] host not found
Unable to get hostname for 192.168.170.253: [Errno 11004] host not found
The hostname for 192.168.170.254 is: erlogin.cn



因为有个人需要进去，所以要招聘。而不是因为缺少一个人而招聘
先有的这个人，才有的这个岗位
只招一人的国企央企，身份证错一位都不行，有这功夫不如买彩票，彩票才7位数，身份证几位数你想想
什么是国企，这是行业，吃的垄断资源。不叫企业。
收紧地铁审批
年gdp超过3000亿
财政收入达到300亿
城区常住人口300万
刘海峰


